// Vitest Snapshot v1

exports[`RadioGroup > should render correctly 1`] = `""`;
