// Vitest Snapshot v1

exports[`NextStepButton > should render 1`] = `
"<button class=\\"container\\" data-v-ec38c794=\\"\\"><span class=\\"mr-2\\" data-v-ec38c794=\\"\\">Next Step</span><svg class=\\"bounce-right text-big3dBlack\\" fill=\\"none\\" height=\\"16\\" stroke=\\"currentColor\\" viewBox=\\"0 0 16 16\\" width=\\"16\\" xmlns=\\"http://www.w3.org/2000/svg\\" data-v-ec38c794=\\"\\">
    <path d=\\"M12.172 6.99998L6.808 1.63598L8.222 0.221985L16 7.99998L8.222 15.778L6.808 14.364L12.172 8.99998H0V6.99998H12.172Z\\" fill=\\"currentColor\\" data-v-ec38c794=\\"\\"></path>
  </svg></button>"
`;
